// Jest Snapshot v1, https://goo.gl/fbAQLP

exports[`snapshot of fontWeight 1`] = `
{
  "black": "black",
  "bold": "bold",
  "light": "light",
  "normal": "normal",
  "thin": "thin",
}
`;
